  amextra.cpp
  amfilter.cpp
  amvideo.cpp
  arithutil.cpp
  combase.cpp
  cprop.cpp
  ctlutil.cpp
  ddmm.cpp
  dllentry.cpp
  dllsetup.cpp
  mtype.cpp
  outputq.cpp
  perflog.cpp
  pstream.cpp
  pullpin.cpp
  refclock.cpp
  renbase.cpp
  schedule.cpp
  seekpt.cpp
  source.cpp
  Compiling...
  strmctl.cpp
  sysclock.cpp
  transfrm.cpp
  transip.cpp
  videoctl.cpp
  vtrans.cpp
  winctrl.cpp
  winutil.cpp
  wxdebug.cpp
  wxlist.cpp
  wxutil.cpp
  DirectShowSDK.vcxproj -> C:\MAC\Current\Source\Projects\Visual Studio\DirectShowSDK\ARM64\Release\DirectShowSDK.lib
